2026-05-31 02:38:01.062 [http-nio-0.0.0.0-8080-exec-3] ERROR c.b.security.jwt.AuthEntryPointJwt - Unauthorized error: Full authentication is required to access this resource
2026-05-31 02:38:35.888 [http-nio-0.0.0.0-8080-exec-3] ERROR c.b.security.jwt.AuthEntryPointJwt - Unauthorized error: Full authentication is required to access this resource
2026-05-31 02:46:06.144 [http-nio-0.0.0.0-8080-exec-6] ERROR c.b.security.jwt.AuthEntryPointJwt - Unauthorized error: Full authentication is required to access this resource
2026-05-31 19:31:53.631 [pool-3-thread-3] ERROR c.b.services.ChargebeeSyncService - ❌ Error syncing orders from Chargebee: bookmyjuice-test.chargebee.com
java.net.UnknownHostException: bookmyjuice-test.chargebee.com
	at java.base/sun.nio.ch.NioSocketImpl.connect(NioSocketImpl.java:572)
	at java.base/java.net.SocksSocketImpl.connect(SocksSocketImpl.java:327)
	at java.base/java.net.Socket.connect(Socket.java:633)
	at java.base/sun.security.ssl.SSLSocketImpl.connect(SSLSocketImpl.java:304)
	at java.base/sun.net.NetworkClient.doConnect(NetworkClient.java:178)
	at java.base/sun.net.www.http.HttpClient.openServer(HttpClient.java:533)
	at java.base/sun.net.www.http.HttpClient.openServer(HttpClient.java:638)
	at java.base/sun.net.www.protocol.https.HttpsClient.<init>(HttpsClient.java:266)
	at java.base/sun.net.www.protocol.https.HttpsClient.New(HttpsClient.java:380)
	at java.base/sun.net.www.protocol.https.AbstractDelegateHttpsURLConnection.getNewHttpClient(AbstractDelegateHttpsURLConnection.java:193)
	at java.base/sun.net.www.protocol.http.HttpURLConnection.plainConnect0(HttpURLConnection.java:1262)
	at java.base/sun.net.www.protocol.http.HttpURLConnection.plainConnect(HttpURLConnection.java:1148)
	at java.base/sun.net.www.protocol.https.AbstractDelegateHttpsURLConnection.connect(AbstractDelegateHttpsURLConnection.java:179)
	at java.base/sun.net.www.protocol.http.HttpURLConnection.getInputStream0(HttpURLConnection.java:1717)
	at java.base/sun.net.www.protocol.http.HttpURLConnection.getInputStream(HttpURLConnection.java:1641)
	at java.base/java.net.HttpURLConnection.getResponseCode(HttpURLConnection.java:529)
	at java.base/sun.net.www.protocol.https.HttpsURLConnectionImpl.getResponseCode(HttpsURLConnectionImpl.java:308)
	at com.chargebee.internal.HttpUtil.sendRequest(HttpUtil.java:203)
	at com.chargebee.internal.HttpUtil.sendRequestWithRetry(HttpUtil.java:137)
	at com.chargebee.internal.HttpUtil.getList(HttpUtil.java:57)
	at com.chargebee.internal.ListRequest._request(ListRequest.java:79)
	at com.chargebee.internal.ListRequest.access$000(ListRequest.java:10)
	at com.chargebee.internal.ListRequest$1.call(ListRequest.java:61)
	at com.chargebee.internal.ListRequest$1.call(ListRequest.java:57)
	at com.chargebee.internal.ListRequest.request(ListRequest.java:64)
	at com.chargebee.internal.ListRequest.request(ListRequest.java:53)
	at com.bookmyjuice.services.ChargebeeSyncService.syncOrders(ChargebeeSyncService.java:414)
	at java.base/java.util.concurrent.CompletableFuture$AsyncRun.run(CompletableFuture.java:1804)
	at java.base/java.util.concurrent.ThreadPoolExecutor.runWorker(ThreadPoolExecutor.java:1136)
	at java.base/java.util.concurrent.ThreadPoolExecutor$Worker.run(ThreadPoolExecutor.java:635)
	at java.base/java.lang.Thread.run(Thread.java:840)
2026-05-31 19:31:53.631 [pool-3-thread-2] ERROR c.b.services.ChargebeeSyncService - ❌ Error syncing customers from Chargebee: bookmyjuice-test.chargebee.com
java.net.UnknownHostException: bookmyjuice-test.chargebee.com
	at java.base/sun.nio.ch.NioSocketImpl.connect(NioSocketImpl.java:572)
	at java.base/java.net.SocksSocketImpl.connect(SocksSocketImpl.java:327)
	at java.base/java.net.Socket.connect(Socket.java:633)
	at java.base/sun.security.ssl.SSLSocketImpl.connect(SSLSocketImpl.java:304)
	at java.base/sun.net.NetworkClient.doConnect(NetworkClient.java:178)
	at java.base/sun.net.www.http.HttpClient.openServer(HttpClient.java:533)
	at java.base/sun.net.www.http.HttpClient.openServer(HttpClient.java:638)
	at java.base/sun.net.www.protocol.https.HttpsClient.<init>(HttpsClient.java:266)
	at java.base/sun.net.www.protocol.https.HttpsClient.New(HttpsClient.java:380)
	at java.base/sun.net.www.protocol.https.AbstractDelegateHttpsURLConnection.getNewHttpClient(AbstractDelegateHttpsURLConnection.java:193)
	at java.base/sun.net.www.protocol.http.HttpURLConnection.plainConnect0(HttpURLConnection.java:1262)
	at java.base/sun.net.www.protocol.http.HttpURLConnection.plainConnect(HttpURLConnection.java:1148)
	at java.base/sun.net.www.protocol.https.AbstractDelegateHttpsURLConnection.connect(AbstractDelegateHttpsURLConnection.java:179)
	at java.base/sun.net.www.protocol.http.HttpURLConnection.getInputStream0(HttpURLConnection.java:1717)
	at java.base/sun.net.www.protocol.http.HttpURLConnection.getInputStream(HttpURLConnection.java:1641)
	at java.base/java.net.HttpURLConnection.getResponseCode(HttpURLConnection.java:529)
	at java.base/sun.net.www.protocol.https.HttpsURLConnectionImpl.getResponseCode(HttpsURLConnectionImpl.java:308)
	at com.chargebee.internal.HttpUtil.sendRequest(HttpUtil.java:203)
	at com.chargebee.internal.HttpUtil.sendRequestWithRetry(HttpUtil.java:137)
	at com.chargebee.internal.HttpUtil.getList(HttpUtil.java:57)
	at com.chargebee.internal.ListRequest._request(ListRequest.java:79)
	at com.chargebee.internal.ListRequest.access$000(ListRequest.java:10)
	at com.chargebee.internal.ListRequest$1.call(ListRequest.java:61)
	at com.chargebee.internal.ListRequest$1.call(ListRequest.java:57)
	at com.chargebee.internal.ListRequest.request(ListRequest.java:64)
	at com.chargebee.internal.ListRequest.request(ListRequest.java:53)
	at com.bookmyjuice.services.ChargebeeSyncService.syncCustomers(ChargebeeSyncService.java:282)
	at java.base/java.util.concurrent.CompletableFuture$AsyncRun.run(CompletableFuture.java:1804)
	at java.base/java.util.concurrent.ThreadPoolExecutor.runWorker(ThreadPoolExecutor.java:1136)
	at java.base/java.util.concurrent.ThreadPoolExecutor$Worker.run(ThreadPoolExecutor.java:635)
	at java.base/java.lang.Thread.run(Thread.java:840)
2026-05-31 19:31:53.631 [pool-3-thread-1] ERROR c.b.services.ChargebeeSyncService - ❌ Error syncing items from Chargebee: bookmyjuice-test.chargebee.com
java.net.UnknownHostException: bookmyjuice-test.chargebee.com
	at java.base/sun.nio.ch.NioSocketImpl.connect(NioSocketImpl.java:572)
	at java.base/java.net.SocksSocketImpl.connect(SocksSocketImpl.java:327)
	at java.base/java.net.Socket.connect(Socket.java:633)
	at java.base/sun.security.ssl.SSLSocketImpl.connect(SSLSocketImpl.java:304)
	at java.base/sun.net.NetworkClient.doConnect(NetworkClient.java:178)
	at java.base/sun.net.www.http.HttpClient.openServer(HttpClient.java:533)
	at java.base/sun.net.www.http.HttpClient.openServer(HttpClient.java:638)
	at java.base/sun.net.www.protocol.https.HttpsClient.<init>(HttpsClient.java:266)
	at java.base/sun.net.www.protocol.https.HttpsClient.New(HttpsClient.java:380)
	at java.base/sun.net.www.protocol.https.AbstractDelegateHttpsURLConnection.getNewHttpClient(AbstractDelegateHttpsURLConnection.java:193)
	at java.base/sun.net.www.protocol.http.HttpURLConnection.plainConnect0(HttpURLConnection.java:1262)
	at java.base/sun.net.www.protocol.http.HttpURLConnection.plainConnect(HttpURLConnection.java:1148)
	at java.base/sun.net.www.protocol.https.AbstractDelegateHttpsURLConnection.connect(AbstractDelegateHttpsURLConnection.java:179)
	at java.base/sun.net.www.protocol.http.HttpURLConnection.getInputStream0(HttpURLConnection.java:1717)
	at java.base/sun.net.www.protocol.http.HttpURLConnection.getInputStream(HttpURLConnection.java:1641)
	at java.base/java.net.HttpURLConnection.getResponseCode(HttpURLConnection.java:529)
	at java.base/sun.net.www.protocol.https.HttpsURLConnectionImpl.getResponseCode(HttpsURLConnectionImpl.java:308)
	at com.chargebee.internal.HttpUtil.sendRequest(HttpUtil.java:203)
	at com.chargebee.internal.HttpUtil.sendRequestWithRetry(HttpUtil.java:137)
	at com.chargebee.internal.HttpUtil.getList(HttpUtil.java:57)
	at com.chargebee.internal.ListRequest._request(ListRequest.java:79)
	at com.chargebee.internal.ListRequest.access$000(ListRequest.java:10)
	at com.chargebee.internal.ListRequest$1.call(ListRequest.java:61)
	at com.chargebee.internal.ListRequest$1.call(ListRequest.java:57)
	at com.chargebee.internal.ListRequest.request(ListRequest.java:64)
	at com.chargebee.internal.ListRequest.request(ListRequest.java:53)
	at com.bookmyjuice.services.ChargebeeSyncService.syncItems(ChargebeeSyncService.java:124)
	at java.base/java.util.concurrent.CompletableFuture$AsyncRun.run(CompletableFuture.java:1804)
	at java.base/java.util.concurrent.ThreadPoolExecutor.runWorker(ThreadPoolExecutor.java:1136)
	at java.base/java.util.concurrent.ThreadPoolExecutor$Worker.run(ThreadPoolExecutor.java:635)
	at java.base/java.lang.Thread.run(Thread.java:840)
2026-05-31 19:31:53.650 [pool-3-thread-3] ERROR c.b.services.ChargebeeSyncService - ❌ Error syncing item prices from Chargebee: bookmyjuice-test.chargebee.com
java.net.UnknownHostException: bookmyjuice-test.chargebee.com
	at java.base/sun.nio.ch.NioSocketImpl.connect(NioSocketImpl.java:572)
	at java.base/java.net.SocksSocketImpl.connect(SocksSocketImpl.java:327)
	at java.base/java.net.Socket.connect(Socket.java:633)
	at java.base/sun.security.ssl.SSLSocketImpl.connect(SSLSocketImpl.java:304)
	at java.base/sun.net.NetworkClient.doConnect(NetworkClient.java:178)
	at java.base/sun.net.www.http.HttpClient.openServer(HttpClient.java:533)
	at java.base/sun.net.www.http.HttpClient.openServer(HttpClient.java:638)
	at java.base/sun.net.www.protocol.https.HttpsClient.<init>(HttpsClient.java:266)
	at java.base/sun.net.www.protocol.https.HttpsClient.New(HttpsClient.java:380)
	at java.base/sun.net.www.protocol.https.AbstractDelegateHttpsURLConnection.getNewHttpClient(AbstractDelegateHttpsURLConnection.java:193)
	at java.base/sun.net.www.protocol.http.HttpURLConnection.plainConnect0(HttpURLConnection.java:1262)
	at java.base/sun.net.www.protocol.http.HttpURLConnection.plainConnect(HttpURLConnection.java:1148)
	at java.base/sun.net.www.protocol.https.AbstractDelegateHttpsURLConnection.connect(AbstractDelegateHttpsURLConnection.java:179)
	at java.base/sun.net.www.protocol.http.HttpURLConnection.getInputStream0(HttpURLConnection.java:1717)
	at java.base/sun.net.www.protocol.http.HttpURLConnection.getInputStream(HttpURLConnection.java:1641)
	at java.base/java.net.HttpURLConnection.getResponseCode(HttpURLConnection.java:529)
	at java.base/sun.net.www.protocol.https.HttpsURLConnectionImpl.getResponseCode(HttpsURLConnectionImpl.java:308)
	at com.chargebee.internal.HttpUtil.sendRequest(HttpUtil.java:203)
	at com.chargebee.internal.HttpUtil.sendRequestWithRetry(HttpUtil.java:137)
	at com.chargebee.internal.HttpUtil.getList(HttpUtil.java:57)
	at com.chargebee.internal.ListRequest._request(ListRequest.java:79)
	at com.chargebee.internal.ListRequest.access$000(ListRequest.java:10)
	at com.chargebee.internal.ListRequest$1.call(ListRequest.java:61)
	at com.chargebee.internal.ListRequest$1.call(ListRequest.java:57)
	at com.chargebee.internal.ListRequest.request(ListRequest.java:64)
	at com.chargebee.internal.ListRequest.request(ListRequest.java:53)
	at com.bookmyjuice.services.ChargebeeSyncService.syncItemPrices(ChargebeeSyncService.java:195)
	at java.base/java.util.concurrent.CompletableFuture$AsyncRun.run(CompletableFuture.java:1804)
	at java.base/java.util.concurrent.ThreadPoolExecutor.runWorker(ThreadPoolExecutor.java:1136)
	at java.base/java.util.concurrent.ThreadPoolExecutor$Worker.run(ThreadPoolExecutor.java:635)
	at java.base/java.lang.Thread.run(Thread.java:840)
2026-05-31 19:31:53.650 [pool-3-thread-2] ERROR c.b.services.ChargebeeSyncService - ❌ Error syncing subscriptions from Chargebee: bookmyjuice-test.chargebee.com
java.net.UnknownHostException: bookmyjuice-test.chargebee.com
	at java.base/sun.nio.ch.NioSocketImpl.connect(NioSocketImpl.java:572)
	at java.base/java.net.SocksSocketImpl.connect(SocksSocketImpl.java:327)
	at java.base/java.net.Socket.connect(Socket.java:633)
	at java.base/sun.security.ssl.SSLSocketImpl.connect(SSLSocketImpl.java:304)
	at java.base/sun.net.NetworkClient.doConnect(NetworkClient.java:178)
	at java.base/sun.net.www.http.HttpClient.openServer(HttpClient.java:533)
	at java.base/sun.net.www.http.HttpClient.openServer(HttpClient.java:638)
	at java.base/sun.net.www.protocol.https.HttpsClient.<init>(HttpsClient.java:266)
	at java.base/sun.net.www.protocol.https.HttpsClient.New(HttpsClient.java:380)
	at java.base/sun.net.www.protocol.https.AbstractDelegateHttpsURLConnection.getNewHttpClient(AbstractDelegateHttpsURLConnection.java:193)
	at java.base/sun.net.www.protocol.http.HttpURLConnection.plainConnect0(HttpURLConnection.java:1262)
	at java.base/sun.net.www.protocol.http.HttpURLConnection.plainConnect(HttpURLConnection.java:1148)
	at java.base/sun.net.www.protocol.https.AbstractDelegateHttpsURLConnection.connect(AbstractDelegateHttpsURLConnection.java:179)
	at java.base/sun.net.www.protocol.http.HttpURLConnection.getInputStream0(HttpURLConnection.java:1717)
	at java.base/sun.net.www.protocol.http.HttpURLConnection.getInputStream(HttpURLConnection.java:1641)
	at java.base/java.net.HttpURLConnection.getResponseCode(HttpURLConnection.java:529)
	at java.base/sun.net.www.protocol.https.HttpsURLConnectionImpl.getResponseCode(HttpsURLConnectionImpl.java:308)
	at com.chargebee.internal.HttpUtil.sendRequest(HttpUtil.java:203)
	at com.chargebee.internal.HttpUtil.sendRequestWithRetry(HttpUtil.java:137)
	at com.chargebee.internal.HttpUtil.getList(HttpUtil.java:57)
	at com.chargebee.internal.ListRequest._request(ListRequest.java:79)
	at com.chargebee.internal.ListRequest.access$000(ListRequest.java:10)
	at com.chargebee.internal.ListRequest$1.call(ListRequest.java:61)
	at com.chargebee.internal.ListRequest$1.call(ListRequest.java:57)
	at com.chargebee.internal.ListRequest.request(ListRequest.java:64)
	at com.chargebee.internal.ListRequest.request(ListRequest.java:53)
	at com.bookmyjuice.services.ChargebeeSyncService.syncSubscriptions(ChargebeeSyncService.java:347)
	at java.base/java.util.concurrent.CompletableFuture$AsyncRun.run(CompletableFuture.java:1804)
	at java.base/java.util.concurrent.ThreadPoolExecutor.runWorker(ThreadPoolExecutor.java:1136)
	at java.base/java.util.concurrent.ThreadPoolExecutor$Worker.run(ThreadPoolExecutor.java:635)
	at java.base/java.lang.Thread.run(Thread.java:840)
2026-05-31 19:46:17.645 [http-nio-0.0.0.0-8080-exec-3] ERROR c.b.security.jwt.AuthEntryPointJwt - Unauthorized error: Full authentication is required to access this resource
2026-05-31 19:46:34.897 [http-nio-0.0.0.0-8080-exec-4] ERROR c.b.security.jwt.AuthEntryPointJwt - Unauthorized error: Full authentication is required to access this resource
2026-05-31 20:21:41.115 [http-nio-0.0.0.0-8080-exec-3] ERROR c.b.security.jwt.AuthEntryPointJwt - Unauthorized error: Full authentication is required to access this resource
2026-05-31 20:22:16.500 [http-nio-0.0.0.0-8080-exec-2] ERROR c.b.security.jwt.AuthEntryPointJwt - Unauthorized error: Full authentication is required to access this resource
2026-05-31 20:23:21.793 [http-nio-0.0.0.0-8080-exec-4] ERROR c.b.security.jwt.AuthEntryPointJwt - Unauthorized error: Full authentication is required to access this resource
2026-05-31 20:34:14.331 [http-nio-0.0.0.0-8080-exec-8] ERROR c.b.security.jwt.AuthEntryPointJwt - Unauthorized error: Full authentication is required to access this resource
